# dataset=BloodMNIST num_classes=8 input_shape=(28, 28) patch_size=2 batch_size=256
# save_dir=runs/train/exp327
# best_acc=0.9450 test_acc=0.9450 precision=0.9401 recall=0.9364 f1=0.9381 balanced_acc=0.9364
# returncode=0 elapsed_min=7.3
# ===== FINAL SUMMARY =====
Train: 
	Accuracy: 0.9939794297182039, Avg loss: 0.016712646762979157 
Valid: 
	Accuracy: 0.9450453083893599, Avg loss: 0.2726136211838041 
Metrics (macro-average):
Accuracy      : 0.9439
Precision     : 0.9391
Recall        : 0.9344
F1-score      : 0.9366
Balanced Acc. : 0.9344
Test 1: 
	Accuracy: 0.9438760596316866, Avg loss: 0.27292826984609875 
Metrics (macro-average):
Accuracy      : 0.9450
Precision     : 0.9401
Recall        : 0.9364
F1-score      : 0.9381
Balanced Acc. : 0.9364
Test 2: 
	Accuracy: 0.9450453083893599, Avg loss: 0.2726136211838041 
checkpoint keys: dict_keys(['model_weights', 'optimizer', 'scheduler', 'train_loss', 'train_acc', 'valid_loss', 'valid_acc', 'best_epoch'])
# ===== END SUMMARY =====

runs/train/exp
save_dir: runs/train/exp327
wandb: ⭐️ View project at https://wandb.ai/xuanxuan27-national-central-university/paper%20experiment
wandb: 🚀 View run at https://wandb.ai/xuanxuan27-national-central-university/paper%20experiment/runs/cplu4p3y
<class 'dataloader.CustomerMedMNIST.CustomerBloodMNIST'>
Using downloaded and verified file: /home/xuan/.medmnist/bloodmnist.npz
Using downloaded and verified file: /home/xuan/.medmnist/bloodmnist.npz
MergingViT(
  (patch_embed): PatchEmbed(
    (proj): Conv2d(3, 32, kernel_size=(2, 2), stride=(2, 2))
    (norm): LayerNorm((32,), eps=1e-05, elementwise_affine=True)
  )
  (stages): ModuleList(
    (0): ModuleList(
      (0): TransformerBlock(
        (norm1): LayerNorm((32,), eps=1e-05, elementwise_affine=True)
        (attn): Attention(
          (qkv): Linear(in_features=32, out_features=96, bias=False)
          (attn_drop): Dropout(p=0.1, inplace=False)
          (proj): Linear(in_features=32, out_features=32, bias=True)
          (proj_drop): Dropout(p=0.1, inplace=False)
        )
        (norm2): LayerNorm((32,), eps=1e-05, elementwise_affine=True)
        (mlp): Mlp(
          (fc1): Linear(in_features=32, out_features=128, bias=True)
          (act): GELU(approximate='none')
          (fc2): Linear(in_features=128, out_features=32, bias=True)
          (drop): Dropout(p=0.1, inplace=False)
        )
        (drop_path): Identity()
      )
    )
    (1): ModuleList(
      (0): TransformerBlock(
        (norm1): LayerNorm((64,), eps=1e-05, elementwise_affine=True)
        (attn): Attention(
          (qkv): Linear(in_features=64, out_features=192, bias=False)
          (attn_drop): Dropout(p=0.1, inplace=False)
          (proj): Linear(in_features=64, out_features=64, bias=True)
          (proj_drop): Dropout(p=0.1, inplace=False)
        )
        (norm2): LayerNorm((64,), eps=1e-05, elementwise_affine=True)
        (mlp): Mlp(
          (fc1): Linear(in_features=64, out_features=256, bias=True)
          (act): GELU(approximate='none')
          (fc2): Linear(in_features=256, out_features=64, bias=True)
          (drop): Dropout(p=0.1, inplace=False)
        )
        (drop_path): DropPath(drop_prob=0.100)
      )
    )
    (2): ModuleList(
      (0): TransformerBlock(
        (norm1): LayerNorm((128,), eps=1e-05, elementwise_affine=True)
        (attn): Attention(
          (qkv): Linear(in_features=128, out_features=384, bias=False)
          (attn_drop): Dropout(p=0.1, inplace=False)
          (proj): Linear(in_features=128, out_features=128, bias=True)
          (proj_drop): Dropout(p=0.1, inplace=False)
        )
        (norm2): LayerNorm((128,), eps=1e-05, elementwise_affine=True)
        (mlp): Mlp(
          (fc1): Linear(in_features=128, out_features=512, bias=True)
          (act): GELU(approximate='none')
          (fc2): Linear(in_features=512, out_features=128, bias=True)
          (drop): Dropout(p=0.1, inplace=False)
        )
        (drop_path): DropPath(drop_prob=0.200)
      )
    )
    (3): ModuleList(
      (0): TransformerBlock(
        (norm1): LayerNorm((256,), eps=1e-05, elementwise_affine=True)
        (attn): Attention(
          (qkv): Linear(in_features=256, out_features=768, bias=False)
          (attn_drop): Dropout(p=0.1, inplace=False)
          (proj): Linear(in_features=256, out_features=256, bias=True)
          (proj_drop): Dropout(p=0.1, inplace=False)
        )
        (norm2): LayerNorm((256,), eps=1e-05, elementwise_affine=True)
        (mlp): Mlp(
          (fc1): Linear(in_features=256, out_features=1024, bias=True)
          (act): GELU(approximate='none')
          (fc2): Linear(in_features=1024, out_features=256, bias=True)
          (drop): Dropout(p=0.1, inplace=False)
        )
        (drop_path): DropPath(drop_prob=0.300)
      )
    )
  )
  (pos_embeds): ParameterList(
      (0): Parameter containing: [torch.float32 of size 1x196x32 (cuda:0)]
      (1): Parameter containing: [torch.float32 of size 1x49x64 (cuda:0)]
      (2): Parameter containing: [torch.float32 of size 1x16x128 (cuda:0)]
      (3): Parameter containing: [torch.float32 of size 1x4x256 (cuda:0)]
  )
  (merges): ModuleList(
    (0): FlexiblePatchMerging(
      (reduction): Linear(in_features=128, out_features=64, bias=True)
      (norm): LayerNorm((128,), eps=1e-05, elementwise_affine=True)
    )
    (1): FlexiblePatchMerging(
      (reduction): Linear(in_features=256, out_features=128, bias=True)
      (norm): LayerNorm((256,), eps=1e-05, elementwise_affine=True)
    )
    (2): FlexiblePatchMerging(
      (reduction): Linear(in_features=512, out_features=256, bias=True)
      (norm): LayerNorm((512,), eps=1e-05, elementwise_affine=True)
    )
    (3): Identity()
  )
  (norm_final): LayerNorm((256,), eps=1e-05, elementwise_affine=True)
  (head_drop): Dropout(p=0.1, inplace=False)
  (head): Linear(in_features=256, out_features=8, bias=True)
)
✓ Best epoch: 0, val_acc: 0.5224
✓ Best epoch: 1, val_acc: 0.7433
✓ Best epoch: 2, val_acc: 0.7653
✓ Best epoch: 3, val_acc: 0.7805
✓ Best epoch: 4, val_acc: 0.8191
✓ Best epoch: 5, val_acc: 0.8433
✓ Best epoch: 6, val_acc: 0.8632
✓ Best epoch: 7, val_acc: 0.8676
✓ Best epoch: 9, val_acc: 0.8787
✓ Best epoch: 10, val_acc: 0.8892
✓ Best epoch: 11, val_acc: 0.9024
✓ Best epoch: 13, val_acc: 0.9091
✓ Best epoch: 14, val_acc: 0.9179
✓ Best epoch: 15, val_acc: 0.9217
✓ Best epoch: 22, val_acc: 0.9225
✓ Best epoch: 23, val_acc: 0.9252
✓ Best epoch: 25, val_acc: 0.9296
✓ Best epoch: 27, val_acc: 0.9310
✓ Best epoch: 28, val_acc: 0.9316
✓ Best epoch: 33, val_acc: 0.9339
✓ Best epoch: 36, val_acc: 0.9354
✓ Best epoch: 38, val_acc: 0.9395
✓ Best epoch: 43, val_acc: 0.9401
✓ Best epoch: 62, val_acc: 0.9407
✓ Best epoch: 63, val_acc: 0.9410
✓ Best epoch: 73, val_acc: 0.9415
✓ Best epoch: 79, val_acc: 0.9430
✓ Best epoch: 90, val_acc: 0.9448
✓ Best epoch: 110, val_acc: 0.9450
Early stopping at epoch 140
Train: 
	Accuracy: 0.9939794297182039, Avg loss: 0.016712646762979157 
Valid: 
	Accuracy: 0.9450453083893599, Avg loss: 0.2726136211838041 
Metrics (macro-average):
Accuracy      : 0.9439
Precision     : 0.9391
Recall        : 0.9344
F1-score      : 0.9366
Balanced Acc. : 0.9344
Test 1: 
	Accuracy: 0.9438760596316866, Avg loss: 0.27292826984609875 
Metrics (macro-average):
Accuracy      : 0.9450
Precision     : 0.9401
Recall        : 0.9364
F1-score      : 0.9381
Balanced Acc. : 0.9364
Test 2: 
	Accuracy: 0.9450453083893599, Avg loss: 0.2726136211838041 
checkpoint keys: dict_keys(['model_weights', 'optimizer', 'scheduler', 'train_loss', 'train_acc', 'valid_loss', 'valid_acc', 'best_epoch'])
wandb:                                                                                
wandb: 
wandb: Run summary:
wandb:  final_test_accuracy 0.94505
wandb:  final_test_avg_loss 0.27261
wandb: final_train_accuracy 0.99398
wandb: final_train_avg_loss 0.01671
wandb:       train/accuracy 0.99691
wandb:          train/epoch 140
wandb:      train/learnrate 0.0
wandb:           train/loss 0.01179
wandb:       valid/accuracy 0.94388
wandb:           valid/loss 0.27293
wandb: 
wandb: 🚀 View run HierarchicalViT_BloodMNIST at: https://wandb.ai/xuanxuan27-national-central-university/paper%20experiment/runs/cplu4p3y
wandb: ⭐️ View project at: https://wandb.ai/xuanxuan27-national-central-university/paper%20experiment
